// Jest Snapshot v1, https://goo.gl/fbAQLP

exports[`<InboxComponent /> it should render component without fail 1`] = `
<div>
  <div
    className="header"
  >
    <a
      className="logo"
      href="#"
    >
      <span
        id="whitish"
      >
        Epic
      </span>
      <span
        id="blueish"
      >
        Mail
      </span>
    </a>
    <div
      className="header-right"
    >
      <a
        href=""
      >
        Logout
      </a>
    </div>
  </div>
  <div
    className="dashboard-content"
  >
    <div
      className="side-bar"
    >
      <br />
      <a>
        Compose
      </a>
      <br />
      <br />
      <a>
        Inbox
      </a>
      <br />
      <br />
      <a>
        Sent
      </a>
      <br />
      <br />
      <a>
        Groups
      </a>
      <br />
      <br />
      <a>
        Create Group
      </a>
    </div>
    <div
      className="messages"
    >
      <h1>
        My messages
      </h1>
      <hr />
      <p
        id="no-messages"
      />
    </div>
  </div>
</div>
`;
